// Vitest Snapshot v1, https://vitest.dev/guide/snapshot.html

exports[`Configuration > matches snapshot 1`] = `
<div>
  <div>
    <h3
      class="MuiTypography-root MuiTypography-h3 css-1lw8d58-MuiTypography-root"
    >
      Configuration
    </h3>
    <table
      aria-label="Configuration"
      class="MuiTable-root css-1xwxv7r-MuiTable-root"
    >
      <thead
        class="MuiTableHead-root css-1a7iywq-MuiTableHead-root"
      >
        <tr
          class="MuiTableRow-root MuiTableRow-head css-1xtozoh-MuiTableRow-root"
        >
          <th
            class="MuiTableCell-root MuiTableCell-head MuiTableCell-sizeMedium css-1orzuox-MuiTableCell-root"
            scope="col"
          >
            Key
          </th>
          <th
            class="MuiTableCell-root MuiTableCell-head MuiTableCell-sizeMedium css-1orzuox-MuiTableCell-root"
            scope="col"
          >
            Value
          </th>
        </tr>
      </thead>
      <tbody
        class="MuiTableBody-root css-gmh7jj-MuiTableBody-root"
      >
        <tr
          class="MuiTableRow-root css-1xtozoh-MuiTableRow-root"
        >
          <td
            class="MuiTableCell-root MuiTableCell-body MuiTableCell-sizeMedium css-1dc80h3-MuiTableCell-root"
          >
            key
          </td>
          <td
            class="MuiTableCell-root MuiTableCell-body MuiTableCell-sizeMedium css-1dc80h3-MuiTableCell-root"
          >
            value
          </td>
        </tr>
      </tbody>
    </table>
  </div>
</div>
`;
